com/creative_clarity/clarity_springboot/ClaritySpringbootApplication.class
com/creative_clarity/clarity_springboot/Service/NoteService.class
com/creative_clarity/clarity_springboot/Repository/NoteRepository.class
com/creative_clarity/clarity_springboot/Entity/TaskEntity.class
com/creative_clarity/clarity_springboot/Entity/CourseEntity.class
com/creative_clarity/clarity_springboot/Service/UserService.class
com/creative_clarity/clarity_springboot/Service/GradeService.class
com/creative_clarity/clarity_springboot/Controller/NoteController.class
com/creative_clarity/clarity_springboot/Repository/PhotoRepository.class
com/creative_clarity/clarity_springboot/Repository/CourseRepository.class
com/creative_clarity/clarity_springboot/Entity/UserEntity.class
com/creative_clarity/clarity_springboot/Controller/CourseController.class
com/creative_clarity/clarity_springboot/Entity/AssignmentEntity.class
com/creative_clarity/clarity_springboot/Controller/NotificationController.class
com/creative_clarity/clarity_springboot/Repository/GradeRepository.class
com/creative_clarity/clarity_springboot/Repository/AssignmentRepository.class
com/creative_clarity/clarity_springboot/Controller/TaskController.class
com/creative_clarity/clarity_springboot/Entity/GradeEntity.class
com/creative_clarity/clarity_springboot/Service/AssignmentService.class
com/creative_clarity/clarity_springboot/Controller/UserController.class
com/creative_clarity/clarity_springboot/Controller/AssignmentController.class
com/creative_clarity/clarity_springboot/Service/NotificationService.class
com/creative_clarity/clarity_springboot/Controller/PhotoController.class
com/creative_clarity/clarity_springboot/Entity/NotificationEntity.class
com/creative_clarity/clarity_springboot/Service/PhotoService.class
com/creative_clarity/clarity_springboot/Repository/NotificationRepository.class
com/creative_clarity/clarity_springboot/config/WebConfig.class
com/creative_clarity/clarity_springboot/Entity/NoteEntity.class
com/creative_clarity/clarity_springboot/Service/CourseService.class
com/creative_clarity/clarity_springboot/Controller/GradeController.class
com/creative_clarity/clarity_springboot/Repository/TaskRepository.class
com/creative_clarity/clarity_springboot/Repository/UserRepository.class
com/creative_clarity/clarity_springboot/Entity/PhotoEntity.class
com/creative_clarity/clarity_springboot/Service/TaskService.class
