/Users/asaphb/Documents/GitHub/CreativeClarity/clarity_springboot/src/main/java/com/creative_clarity/clarity_springboot/ClaritySpringbootApplication.java
/Users/asaphb/Documents/GitHub/CreativeClarity/clarity_springboot/src/main/java/com/creative_clarity/clarity_springboot/Controller/AssignmentController.java
/Users/asaphb/Documents/GitHub/CreativeClarity/clarity_springboot/src/main/java/com/creative_clarity/clarity_springboot/Controller/CourseController.java
/Users/asaphb/Documents/GitHub/CreativeClarity/clarity_springboot/src/main/java/com/creative_clarity/clarity_springboot/Controller/GradeController.java
/Users/asaphb/Documents/GitHub/CreativeClarity/clarity_springboot/src/main/java/com/creative_clarity/clarity_springboot/Controller/NoteController.java
/Users/asaphb/Documents/GitHub/CreativeClarity/clarity_springboot/src/main/java/com/creative_clarity/clarity_springboot/Controller/NotificationController.java
/Users/asaphb/Documents/GitHub/CreativeClarity/clarity_springboot/src/main/java/com/creative_clarity/clarity_springboot/Controller/PhotoController.java
/Users/asaphb/Documents/GitHub/CreativeClarity/clarity_springboot/src/main/java/com/creative_clarity/clarity_springboot/Controller/TaskController.java
/Users/asaphb/Documents/GitHub/CreativeClarity/clarity_springboot/src/main/java/com/creative_clarity/clarity_springboot/Controller/UserController.java
/Users/asaphb/Documents/GitHub/CreativeClarity/clarity_springboot/src/main/java/com/creative_clarity/clarity_springboot/Entity/AssignmentEntity.java
/Users/asaphb/Documents/GitHub/CreativeClarity/clarity_springboot/src/main/java/com/creative_clarity/clarity_springboot/Entity/CourseEntity.java
/Users/asaphb/Documents/GitHub/CreativeClarity/clarity_springboot/src/main/java/com/creative_clarity/clarity_springboot/Entity/GradeEntity.java
/Users/asaphb/Documents/GitHub/CreativeClarity/clarity_springboot/src/main/java/com/creative_clarity/clarity_springboot/Entity/NoteEntity.java
/Users/asaphb/Documents/GitHub/CreativeClarity/clarity_springboot/src/main/java/com/creative_clarity/clarity_springboot/Entity/NotificationEntity.java
/Users/asaphb/Documents/GitHub/CreativeClarity/clarity_springboot/src/main/java/com/creative_clarity/clarity_springboot/Entity/PhotoEntity.java
/Users/asaphb/Documents/GitHub/CreativeClarity/clarity_springboot/src/main/java/com/creative_clarity/clarity_springboot/Entity/TaskEntity.java
/Users/asaphb/Documents/GitHub/CreativeClarity/clarity_springboot/src/main/java/com/creative_clarity/clarity_springboot/Entity/UserEntity.java
/Users/asaphb/Documents/GitHub/CreativeClarity/clarity_springboot/src/main/java/com/creative_clarity/clarity_springboot/Repository/AssignmentRepository.java
/Users/asaphb/Documents/GitHub/CreativeClarity/clarity_springboot/src/main/java/com/creative_clarity/clarity_springboot/Repository/CourseRepository.java
/Users/asaphb/Documents/GitHub/CreativeClarity/clarity_springboot/src/main/java/com/creative_clarity/clarity_springboot/Repository/GradeRepository.java
/Users/asaphb/Documents/GitHub/CreativeClarity/clarity_springboot/src/main/java/com/creative_clarity/clarity_springboot/Repository/NoteRepository.java
/Users/asaphb/Documents/GitHub/CreativeClarity/clarity_springboot/src/main/java/com/creative_clarity/clarity_springboot/Repository/NotificationRepository.java
/Users/asaphb/Documents/GitHub/CreativeClarity/clarity_springboot/src/main/java/com/creative_clarity/clarity_springboot/Repository/PhotoRepository.java
/Users/asaphb/Documents/GitHub/CreativeClarity/clarity_springboot/src/main/java/com/creative_clarity/clarity_springboot/Repository/TaskRepository.java
/Users/asaphb/Documents/GitHub/CreativeClarity/clarity_springboot/src/main/java/com/creative_clarity/clarity_springboot/Repository/UserRepository.java
/Users/asaphb/Documents/GitHub/CreativeClarity/clarity_springboot/src/main/java/com/creative_clarity/clarity_springboot/Service/AssignmentService.java
/Users/asaphb/Documents/GitHub/CreativeClarity/clarity_springboot/src/main/java/com/creative_clarity/clarity_springboot/Service/CourseService.java
/Users/asaphb/Documents/GitHub/CreativeClarity/clarity_springboot/src/main/java/com/creative_clarity/clarity_springboot/Service/GradeService.java
/Users/asaphb/Documents/GitHub/CreativeClarity/clarity_springboot/src/main/java/com/creative_clarity/clarity_springboot/Service/NoteService.java
/Users/asaphb/Documents/GitHub/CreativeClarity/clarity_springboot/src/main/java/com/creative_clarity/clarity_springboot/Service/NotificationService.java
/Users/asaphb/Documents/GitHub/CreativeClarity/clarity_springboot/src/main/java/com/creative_clarity/clarity_springboot/Service/PhotoService.java
/Users/asaphb/Documents/GitHub/CreativeClarity/clarity_springboot/src/main/java/com/creative_clarity/clarity_springboot/Service/TaskService.java
/Users/asaphb/Documents/GitHub/CreativeClarity/clarity_springboot/src/main/java/com/creative_clarity/clarity_springboot/Service/UserService.java
/Users/asaphb/Documents/GitHub/CreativeClarity/clarity_springboot/src/main/java/com/creative_clarity/clarity_springboot/config/WebConfig.java
